// Jest Snapshot v1, https://goo.gl/fbAQLP

exports[`AssetCard component match snapshot 1`] = `
<div>
  <div
    class="card"
  >
    <img
      class="card-img-top cardImg"
      data-testid="assetCardImg"
      src="http.test.com"
    />
    <div
      class="card-body"
    >
      <div
        class="card-title h5"
        data-testid="assetCardName"
      >
        itemName
      </div>
      <p
        class="card-text"
        data-testid="assetCardCollectionName"
      >
        collectionName
      </p>
    </div>
  </div>
</div>
`;
