// Jest Snapshot v1, https://goo.gl/fbAQLP

exports[`AssetCard component match snapshot 1`] = `
<div>
  <div
    class="collections card"
  >
    <div
      class="cardWrapper"
    >
      <img
        alt=""
        data-testid="AssetCard_Img"
        src="http.test.com"
      />
    </div>
    <h5
      class="cardText"
      data-testid="AssetCard_Name"
    >
      itemName
    </h5>
    <p
      data-testid="AssetCard_CollectionName"
    >
      collectionName
    </p>
  </div>
</div>
`;
