// Jest Snapshot v1, https://goo.gl/fbAQLP

exports[`HeaderBar component match snapshot 1`] = `
<div>
  <nav
    class="navbar navbar-expand navbar-dark bg-dark"
  >
    <div
      class="container"
    >
      <a
        href="/"
        style="text-decoration: none; color: black;"
      >
        <span
          class="navbar-brand"
        >
          Intern X Marketplace
        </span>
      </a>
      <div
        class="walletButtonGroup btn-group"
        role="group"
      >
        <button
          class="btn btn-outline-info"
          type="button"
        >
          Connect Wallet
        </button>
      </div>
    </div>
  </nav>
</div>
`;
