// Jest Snapshot v1, https://goo.gl/fbAQLP

exports[`NavBar component match snapshot 1`] = `
<div>
  <nav
    class="navbar navbar-expand navbar-dark bg-dark"
  >
    <div
      class="container"
    >
      <a
        class="navbar-brand"
        href="/"
      >
        Intern X Marketplace
      </a>
      <div
        class="walletButtonGroup btn-group"
        role="group"
      >
        <button
          class="btn btn-outline-info"
          type="button"
        >
          Connect Wallet
        </button>
      </div>
    </div>
  </nav>
</div>
`;
